swanlab: Tracking run with swanlab version 0.5.5
swanlab: Run data will be saved locally in /home/moe_test/swanlog/run-20250409_214613-84cd768b
swanlab: 🌟 Run `swanlab watch /home/moe_test/swanlog` to view SwanLab Experiment Dashboard locally

--- Epoch 1/50 ---
Batch 5/2797, Loss: 2.4508, Train Acc: 44.69%
Batch 10/2797, Loss: 1.6747, Train Acc: 54.92%
Batch 15/2797, Loss: 1.3497, Train Acc: 62.76%
Batch 20/2797, Loss: 1.1916, Train Acc: 65.59%
Batch 25/2797, Loss: 1.0838, Train Acc: 67.62%
Batch 30/2797, Loss: 1.0077, Train Acc: 69.48%
Batch 35/2797, Loss: 0.9649, Train Acc: 70.40%
Batch 40/2797, Loss: 0.9191, Train Acc: 71.43%
Batch 45/2797, Loss: 0.8729, Train Acc: 72.53%
Batch 50/2797, Loss: 0.8415, Train Acc: 73.28%
Batch 55/2797, Loss: 0.8151, Train Acc: 73.89%
Batch 60/2797, Loss: 0.7944, Train Acc: 74.32%
Batch 65/2797, Loss: 0.7711, Train Acc: 74.93%
Batch 70/2797, Loss: 0.7575, Train Acc: 75.44%
Batch 75/2797, Loss: 0.7428, Train Acc: 75.69%
Batch 80/2797, Loss: 0.7282, Train Acc: 76.06%
Batch 85/2797, Loss: 0.7171, Train Acc: 76.41%
Batch 90/2797, Loss: 0.7037, Train Acc: 76.67%
Batch 95/2797, Loss: 0.6984, Train Acc: 76.69%
Batch 100/2797, Loss: 0.6934, Train Acc: 76.81%
Batch 105/2797, Loss: 0.6922, Train Acc: 76.78%
Batch 110/2797, Loss: 0.6910, Train Acc: 76.69%
Batch 115/2797, Loss: 0.6871, Train Acc: 76.72%
Batch 120/2797, Loss: 0.6839, Train Acc: 76.78%
Batch 125/2797, Loss: 0.6801, Train Acc: 76.80%
Batch 130/2797, Loss: 0.6778, Train Acc: 76.86%
Batch 135/2797, Loss: 0.6786, Train Acc: 76.72%
Batch 140/2797, Loss: 0.6757, Train Acc: 76.74%
Batch 145/2797, Loss: 0.6768, Train Acc: 76.62%
Batch 150/2797, Loss: 0.6780, Train Acc: 76.54%
Batch 155/2797, Loss: 0.6779, Train Acc: 76.48%
Batch 160/2797, Loss: 0.6765, Train Acc: 76.53%
Batch 165/2797, Loss: 0.6761, Train Acc: 76.51%
Batch 170/2797, Loss: 0.6735, Train Acc: 76.55%
Batch 175/2797, Loss: 0.6695, Train Acc: 76.67%
Batch 180/2797, Loss: 0.6664, Train Acc: 76.76%
Batch 185/2797, Loss: 0.6632, Train Acc: 76.90%
Batch 190/2797, Loss: 0.6635, Train Acc: 76.85%
Batch 195/2797, Loss: 0.6600, Train Acc: 76.98%
Batch 200/2797, Loss: 0.6609, Train Acc: 77.01%
Batch 205/2797, Loss: 0.6588, Train Acc: 77.06%
Batch 210/2797, Loss: 0.6566, Train Acc: 77.16%
Batch 215/2797, Loss: 0.6561, Train Acc: 77.13%
Batch 220/2797, Loss: 0.6520, Train Acc: 77.29%
Batch 225/2797, Loss: 0.6505, Train Acc: 77.34%
Batch 230/2797, Loss: 0.6479, Train Acc: 77.40%
Batch 235/2797, Loss: 0.6454, Train Acc: 77.46%
Batch 240/2797, Loss: 0.6428, Train Acc: 77.53%
Batch 245/2797, Loss: 0.6412, Train Acc: 77.54%
Batch 250/2797, Loss: 0.6395, Train Acc: 77.60%
Batch 255/2797, Loss: 0.6386, Train Acc: 77.61%
Batch 260/2797, Loss: 0.6366, Train Acc: 77.63%
Batch 265/2797, Loss: 0.6351, Train Acc: 77.66%
Batch 270/2797, Loss: 0.6337, Train Acc: 77.65%
Batch 275/2797, Loss: 0.6312, Train Acc: 77.70%
Batch 280/2797, Loss: 0.6302, Train Acc: 77.75%
Batch 285/2797, Loss: 0.6286, Train Acc: 77.80%
Batch 290/2797, Loss: 0.6258, Train Acc: 77.88%
Batch 295/2797, Loss: 0.6235, Train Acc: 77.93%
Batch 300/2797, Loss: 0.6206, Train Acc: 78.02%
Batch 305/2797, Loss: 0.6181, Train Acc: 78.09%
Batch 310/2797, Loss: 0.6162, Train Acc: 78.18%
Batch 315/2797, Loss: 0.6144, Train Acc: 78.23%
Batch 320/2797, Loss: 0.6128, Train Acc: 78.28%
Batch 325/2797, Loss: 0.6212, Train Acc: 78.27%
Batch 330/2797, Loss: 0.6205, Train Acc: 78.25%
Batch 335/2797, Loss: 0.6185, Train Acc: 78.33%
Batch 340/2797, Loss: 0.6173, Train Acc: 78.37%
Batch 345/2797, Loss: 0.6158, Train Acc: 78.43%
Batch 350/2797, Loss: 0.6143, Train Acc: 78.49%
Batch 355/2797, Loss: 0.6125, Train Acc: 78.54%
Batch 360/2797, Loss: 0.6105, Train Acc: 78.62%
Batch 365/2797, Loss: 0.6081, Train Acc: 78.69%
Batch 370/2797, Loss: 0.6056, Train Acc: 78.78%
Batch 375/2797, Loss: 0.6037, Train Acc: 78.85%
Batch 380/2797, Loss: 0.6026, Train Acc: 78.87%
Batch 385/2797, Loss: 0.6014, Train Acc: 78.91%
Batch 390/2797, Loss: 0.5993, Train Acc: 78.97%
Batch 395/2797, Loss: 0.5979, Train Acc: 79.01%
Batch 400/2797, Loss: 0.5967, Train Acc: 79.03%
Batch 405/2797, Loss: 0.5949, Train Acc: 79.09%
Batch 410/2797, Loss: 0.5934, Train Acc: 79.12%
Batch 415/2797, Loss: 0.5920, Train Acc: 79.16%
Batch 420/2797, Loss: 0.5904, Train Acc: 79.22%
Batch 425/2797, Loss: 0.5889, Train Acc: 79.27%
Batch 430/2797, Loss: 0.5874, Train Acc: 79.33%
Batch 435/2797, Loss: 0.5865, Train Acc: 79.36%
Batch 440/2797, Loss: 0.5855, Train Acc: 79.39%
Batch 445/2797, Loss: 0.5841, Train Acc: 79.43%
Batch 450/2797, Loss: 0.5835, Train Acc: 79.43%
Batch 455/2797, Loss: 0.5819, Train Acc: 79.48%
Batch 460/2797, Loss: 0.5808, Train Acc: 79.52%
Batch 465/2797, Loss: 0.5799, Train Acc: 79.55%
Batch 470/2797, Loss: 0.5783, Train Acc: 79.58%
Batch 475/2797, Loss: 0.5774, Train Acc: 79.61%
Batch 480/2797, Loss: 0.5763, Train Acc: 79.63%
Batch 485/2797, Loss: 0.5755, Train Acc: 79.66%
Batch 490/2797, Loss: 0.5742, Train Acc: 79.70%
Batch 495/2797, Loss: 0.5725, Train Acc: 79.77%
Batch 500/2797, Loss: 0.5707, Train Acc: 79.82%
Batch 505/2797, Loss: 0.5694, Train Acc: 79.86%
Batch 510/2797, Loss: 0.5683, Train Acc: 79.89%
Batch 515/2797, Loss: 0.5673, Train Acc: 79.91%
Batch 520/2797, Loss: 0.5658, Train Acc: 79.96%
Batch 525/2797, Loss: 0.5653, Train Acc: 79.97%
Batch 530/2797, Loss: 0.5645, Train Acc: 79.98%
Batch 535/2797, Loss: 0.5635, Train Acc: 80.01%
Batch 540/2797, Loss: 0.5625, Train Acc: 80.04%
Batch 545/2797, Loss: 0.5612, Train Acc: 80.08%
Batch 550/2797, Loss: 0.5604, Train Acc: 80.10%
Batch 555/2797, Loss: 0.5594, Train Acc: 80.13%
Batch 560/2797, Loss: 0.5588, Train Acc: 80.15%
Batch 565/2797, Loss: 0.5576, Train Acc: 80.18%
Batch 570/2797, Loss: 0.5569, Train Acc: 80.20%
Batch 575/2797, Loss: 0.5564, Train Acc: 80.22%
Batch 580/2797, Loss: 0.5557, Train Acc: 80.23%
Batch 585/2797, Loss: 0.5548, Train Acc: 80.25%
Batch 590/2797, Loss: 0.5537, Train Acc: 80.28%
Batch 595/2797, Loss: 0.5532, Train Acc: 80.30%
Batch 600/2797, Loss: 0.5520, Train Acc: 80.34%
Batch 605/2797, Loss: 0.5511, Train Acc: 80.37%
Batch 610/2797, Loss: 0.5501, Train Acc: 80.40%
Batch 615/2797, Loss: 0.5491, Train Acc: 80.43%
Batch 620/2797, Loss: 0.5482, Train Acc: 80.46%
Batch 625/2797, Loss: 0.5475, Train Acc: 80.48%
Batch 630/2797, Loss: 0.5464, Train Acc: 80.51%
Batch 635/2797, Loss: 0.5454, Train Acc: 80.54%
Batch 640/2797, Loss: 0.5448, Train Acc: 80.55%
Batch 645/2797, Loss: 0.5444, Train Acc: 80.56%
Batch 650/2797, Loss: 0.5438, Train Acc: 80.57%
Batch 655/2797, Loss: 0.5427, Train Acc: 80.62%
Batch 660/2797, Loss: 0.5416, Train Acc: 80.66%
Batch 665/2797, Loss: 0.5408, Train Acc: 80.68%
Batch 670/2797, Loss: 0.5405, Train Acc: 80.69%
Batch 675/2797, Loss: 0.5400, Train Acc: 80.70%
Batch 680/2797, Loss: 0.5395, Train Acc: 80.70%
Batch 685/2797, Loss: 0.5388, Train Acc: 80.73%
Batch 690/2797, Loss: 0.5385, Train Acc: 80.74%
Batch 695/2797, Loss: 0.5381, Train Acc: 80.75%
Batch 700/2797, Loss: 0.5378, Train Acc: 80.75%
Batch 705/2797, Loss: 0.5374, Train Acc: 80.75%
Batch 710/2797, Loss: 0.5369, Train Acc: 80.77%
Batch 715/2797, Loss: 0.5362, Train Acc: 80.79%
Batch 720/2797, Loss: 0.5354, Train Acc: 80.82%
Batch 725/2797, Loss: 0.5345, Train Acc: 80.85%
Batch 730/2797, Loss: 0.5341, Train Acc: 80.87%
Batch 735/2797, Loss: 0.5336, Train Acc: 80.87%
Batch 740/2797, Loss: 0.5331, Train Acc: 80.90%
Batch 745/2797, Loss: 0.5327, Train Acc: 80.91%
Batch 750/2797, Loss: 0.5319, Train Acc: 80.93%
Batch 755/2797, Loss: 0.5313, Train Acc: 80.95%
Batch 760/2797, Loss: 0.5300, Train Acc: 81.00%
Batch 765/2797, Loss: 0.5295, Train Acc: 81.01%
Batch 770/2797, Loss: 0.5289, Train Acc: 81.03%
Batch 775/2797, Loss: 0.5287, Train Acc: 81.02%
Batch 780/2797, Loss: 0.5280, Train Acc: 81.05%
Batch 785/2797, Loss: 0.5270, Train Acc: 81.08%
Batch 790/2797, Loss: 0.5260, Train Acc: 81.12%
Batch 795/2797, Loss: 0.5251, Train Acc: 81.14%
Batch 800/2797, Loss: 0.5251, Train Acc: 81.15%
Batch 805/2797, Loss: 0.5246, Train Acc: 81.16%
Batch 810/2797, Loss: 0.5238, Train Acc: 81.20%
Batch 815/2797, Loss: 0.5230, Train Acc: 81.22%
Batch 820/2797, Loss: 0.5224, Train Acc: 81.25%
Batch 825/2797, Loss: 0.5218, Train Acc: 81.26%
Batch 830/2797, Loss: 0.5213, Train Acc: 81.27%
Batch 835/2797, Loss: 0.5207, Train Acc: 81.29%
Batch 840/2797, Loss: 0.5202, Train Acc: 81.31%
Batch 845/2797, Loss: 0.5202, Train Acc: 81.30%
Batch 850/2797, Loss: 0.5196, Train Acc: 81.32%
Batch 855/2797, Loss: 0.5191, Train Acc: 81.32%
Batch 860/2797, Loss: 0.5184, Train Acc: 81.35%
Batch 865/2797, Loss: 0.5179, Train Acc: 81.36%
Batch 870/2797, Loss: 0.5174, Train Acc: 81.37%
Batch 875/2797, Loss: 0.5168, Train Acc: 81.39%
Batch 880/2797, Loss: 0.5161, Train Acc: 81.41%
Batch 885/2797, Loss: 0.5157, Train Acc: 81.42%
Batch 890/2797, Loss: 0.5154, Train Acc: 81.43%
Batch 895/2797, Loss: 0.5151, Train Acc: 81.44%
Batch 900/2797, Loss: 0.5148, Train Acc: 81.45%
Batch 905/2797, Loss: 0.5142, Train Acc: 81.46%
Batch 910/2797, Loss: 0.5137, Train Acc: 81.47%
Batch 915/2797, Loss: 0.5132, Train Acc: 81.48%
Batch 920/2797, Loss: 0.5125, Train Acc: 81.50%
Batch 925/2797, Loss: 0.5119, Train Acc: 81.52%
Batch 930/2797, Loss: 0.5114, Train Acc: 81.54%
Batch 935/2797, Loss: 0.5112, Train Acc: 81.55%
Batch 940/2797, Loss: 0.5108, Train Acc: 81.56%
Batch 945/2797, Loss: 0.5106, Train Acc: 81.57%
Batch 950/2797, Loss: 0.5098, Train Acc: 81.60%
Batch 955/2797, Loss: 0.5093, Train Acc: 81.61%
Batch 960/2797, Loss: 0.5089, Train Acc: 81.62%
Batch 965/2797, Loss: 0.5085, Train Acc: 81.63%
Batch 970/2797, Loss: 0.5081, Train Acc: 81.64%
Batch 975/2797, Loss: 0.5076, Train Acc: 81.66%
Batch 980/2797, Loss: 0.5069, Train Acc: 81.68%
Batch 985/2797, Loss: 0.5063, Train Acc: 81.70%
Batch 990/2797, Loss: 0.5057, Train Acc: 81.72%
Batch 995/2797, Loss: 0.5053, Train Acc: 81.73%
Batch 1000/2797, Loss: 0.5047, Train Acc: 81.75%
Batch 1005/2797, Loss: 0.5043, Train Acc: 81.76%
Batch 1010/2797, Loss: 0.5038, Train Acc: 81.77%
Batch 1015/2797, Loss: 0.5034, Train Acc: 81.78%
Batch 1020/2797, Loss: 0.5029, Train Acc: 81.80%
Batch 1025/2797, Loss: 0.5023, Train Acc: 81.82%
Batch 1030/2797, Loss: 0.5020, Train Acc: 81.83%
Batch 1035/2797, Loss: 0.5016, Train Acc: 81.85%
Batch 1040/2797, Loss: 0.5011, Train Acc: 81.87%
Batch 1045/2797, Loss: 0.5005, Train Acc: 81.89%
Batch 1050/2797, Loss: 0.5000, Train Acc: 81.90%
Batch 1055/2797, Loss: 0.4991, Train Acc: 81.93%
Batch 1060/2797, Loss: 0.4988, Train Acc: 81.94%
Batch 1065/2797, Loss: 0.4983, Train Acc: 81.95%
Batch 1070/2797, Loss: 0.4979, Train Acc: 81.97%
Batch 1075/2797, Loss: 0.4977, Train Acc: 81.98%
Batch 1080/2797, Loss: 0.4972, Train Acc: 81.99%
Batch 1085/2797, Loss: 0.4967, Train Acc: 82.01%
Batch 1090/2797, Loss: 0.4964, Train Acc: 82.01%
Batch 1095/2797, Loss: 0.4961, Train Acc: 82.03%
Batch 1100/2797, Loss: 0.4956, Train Acc: 82.04%
Batch 1105/2797, Loss: 0.4952, Train Acc: 82.06%
Batch 1110/2797, Loss: 0.4946, Train Acc: 82.09%
Batch 1115/2797, Loss: 0.4942, Train Acc: 82.10%
Batch 1120/2797, Loss: 0.4936, Train Acc: 82.12%
Batch 1125/2797, Loss: 0.4929, Train Acc: 82.15%
Batch 1130/2797, Loss: 0.4926, Train Acc: 82.16%
Batch 1135/2797, Loss: 0.4923, Train Acc: 82.17%
Batch 1140/2797, Loss: 0.4920, Train Acc: 82.18%
Batch 1145/2797, Loss: 0.4915, Train Acc: 82.20%
Batch 1150/2797, Loss: 0.4909, Train Acc: 82.22%
Batch 1155/2797, Loss: 0.4905, Train Acc: 82.23%
Batch 1160/2797, Loss: 0.4902, Train Acc: 82.24%
Batch 1165/2797, Loss: 0.4897, Train Acc: 82.26%
Batch 1170/2797, Loss: 0.4892, Train Acc: 82.28%
Batch 1175/2797, Loss: 0.4887, Train Acc: 82.29%
Batch 1180/2797, Loss: 0.4885, Train Acc: 82.29%
Batch 1185/2797, Loss: 0.4885, Train Acc: 82.28%
Batch 1190/2797, Loss: 0.4884, Train Acc: 82.29%
Batch 1195/2797, Loss: 0.4881, Train Acc: 82.30%
Batch 1200/2797, Loss: 0.4877, Train Acc: 82.31%
Batch 1205/2797, Loss: 0.4877, Train Acc: 82.31%
Batch 1210/2797, Loss: 0.4873, Train Acc: 82.33%
Batch 1215/2797, Loss: 0.4870, Train Acc: 82.33%
Batch 1220/2797, Loss: 0.4868, Train Acc: 82.34%
Batch 1225/2797, Loss: 0.4863, Train Acc: 82.36%
Batch 1230/2797, Loss: 0.4857, Train Acc: 82.38%
Batch 1235/2797, Loss: 0.4854, Train Acc: 82.39%
Batch 1240/2797, Loss: 0.4853, Train Acc: 82.39%
Batch 1245/2797, Loss: 0.4849, Train Acc: 82.41%
Batch 1250/2797, Loss: 0.4844, Train Acc: 82.42%
Batch 1255/2797, Loss: 0.4840, Train Acc: 82.43%
Batch 1260/2797, Loss: 0.4838, Train Acc: 82.44%
Batch 1265/2797, Loss: 0.4835, Train Acc: 82.45%
Batch 1270/2797, Loss: 0.4832, Train Acc: 82.46%
Batch 1275/2797, Loss: 0.4830, Train Acc: 82.47%
Batch 1280/2797, Loss: 0.4826, Train Acc: 82.48%
Batch 1285/2797, Loss: 0.4823, Train Acc: 82.48%
Batch 1290/2797, Loss: 0.4820, Train Acc: 82.50%
Batch 1295/2797, Loss: 0.4818, Train Acc: 82.51%
Batch 1300/2797, Loss: 0.4815, Train Acc: 82.52%
Batch 1305/2797, Loss: 0.4812, Train Acc: 82.53%
Batch 1310/2797, Loss: 0.4808, Train Acc: 82.54%
Batch 1315/2797, Loss: 0.4803, Train Acc: 82.56%
Batch 1320/2797, Loss: 0.4801, Train Acc: 82.56%
Batch 1325/2797, Loss: 0.4799, Train Acc: 82.58%
Batch 1330/2797, Loss: 0.4796, Train Acc: 82.59%
Batch 1335/2797, Loss: 0.4794, Train Acc: 82.59%
Batch 1340/2797, Loss: 0.4791, Train Acc: 82.60%
Batch 1345/2797, Loss: 0.4787, Train Acc: 82.61%
Batch 1350/2797, Loss: 0.4784, Train Acc: 82.62%
Batch 1355/2797, Loss: 0.4782, Train Acc: 82.63%
Batch 1360/2797, Loss: 0.4777, Train Acc: 82.64%
Batch 1365/2797, Loss: 0.4773, Train Acc: 82.66%
Batch 1370/2797, Loss: 0.4769, Train Acc: 82.68%
Batch 1375/2797, Loss: 0.4766, Train Acc: 82.69%
Batch 1380/2797, Loss: 0.4764, Train Acc: 82.70%
Batch 1385/2797, Loss: 0.4761, Train Acc: 82.71%
Batch 1390/2797, Loss: 0.4757, Train Acc: 82.72%
Batch 1395/2797, Loss: 0.4754, Train Acc: 82.73%
Batch 1400/2797, Loss: 0.4754, Train Acc: 82.73%
Batch 1405/2797, Loss: 0.4751, Train Acc: 82.73%
Batch 1410/2797, Loss: 0.4747, Train Acc: 82.75%
Batch 1415/2797, Loss: 0.4745, Train Acc: 82.76%
Batch 1420/2797, Loss: 0.4741, Train Acc: 82.77%
Batch 1425/2797, Loss: 0.4739, Train Acc: 82.78%
Batch 1430/2797, Loss: 0.4735, Train Acc: 82.79%
Batch 1435/2797, Loss: 0.4733, Train Acc: 82.79%
Batch 1440/2797, Loss: 0.4730, Train Acc: 82.80%
Batch 1445/2797, Loss: 0.4729, Train Acc: 82.80%
Batch 1450/2797, Loss: 0.4727, Train Acc: 82.80%
Batch 1455/2797, Loss: 0.4726, Train Acc: 82.81%
Batch 1460/2797, Loss: 0.4723, Train Acc: 82.82%
Batch 1465/2797, Loss: 0.4719, Train Acc: 82.84%
Batch 1470/2797, Loss: 0.4714, Train Acc: 82.85%
Batch 1475/2797, Loss: 0.4713, Train Acc: 82.85%
Batch 1480/2797, Loss: 0.4708, Train Acc: 82.87%
Batch 1485/2797, Loss: 0.4707, Train Acc: 82.88%
Batch 1490/2797, Loss: 0.4707, Train Acc: 82.87%
Batch 1495/2797, Loss: 0.4704, Train Acc: 82.88%
Batch 1500/2797, Loss: 0.4702, Train Acc: 82.90%
Batch 1505/2797, Loss: 0.4699, Train Acc: 82.91%
Batch 1510/2797, Loss: 0.4697, Train Acc: 82.91%
Batch 1515/2797, Loss: 0.4693, Train Acc: 82.92%
Batch 1520/2797, Loss: 0.4692, Train Acc: 82.92%
Batch 1525/2797, Loss: 0.4691, Train Acc: 82.93%
Batch 1530/2797, Loss: 0.4689, Train Acc: 82.93%
Batch 1535/2797, Loss: 0.4686, Train Acc: 82.94%
Batch 1540/2797, Loss: 0.4685, Train Acc: 82.94%
Batch 1545/2797, Loss: 0.4682, Train Acc: 82.95%
Batch 1550/2797, Loss: 0.4679, Train Acc: 82.96%
Batch 1555/2797, Loss: 0.4679, Train Acc: 82.96%
Batch 1560/2797, Loss: 0.4675, Train Acc: 82.97%
Batch 1565/2797, Loss: 0.4672, Train Acc: 82.99%
Batch 1570/2797, Loss: 0.4669, Train Acc: 83.00%
Batch 1575/2797, Loss: 0.4666, Train Acc: 83.01%
Batch 1580/2797, Loss: 0.4665, Train Acc: 83.01%
Batch 1585/2797, Loss: 0.4662, Train Acc: 83.02%
Batch 1590/2797, Loss: 0.4659, Train Acc: 83.03%
Batch 1595/2797, Loss: 0.4656, Train Acc: 83.05%
Batch 1600/2797, Loss: 0.4654, Train Acc: 83.05%
Batch 1605/2797, Loss: 0.4651, Train Acc: 83.06%
Batch 1610/2797, Loss: 0.4651, Train Acc: 83.06%
Batch 1615/2797, Loss: 0.4647, Train Acc: 83.07%
Batch 1620/2797, Loss: 0.4644, Train Acc: 83.07%
Batch 1625/2797, Loss: 0.4643, Train Acc: 83.08%
Batch 1630/2797, Loss: 0.4641, Train Acc: 83.08%
Batch 1635/2797, Loss: 0.4640, Train Acc: 83.08%
Batch 1640/2797, Loss: 0.4636, Train Acc: 83.09%
Batch 1645/2797, Loss: 0.4634, Train Acc: 83.10%
Batch 1650/2797, Loss: 0.4632, Train Acc: 83.10%
Batch 1655/2797, Loss: 0.4632, Train Acc: 83.09%
Batch 1660/2797, Loss: 0.4629, Train Acc: 83.10%
Batch 1665/2797, Loss: 0.4626, Train Acc: 83.12%
Batch 1670/2797, Loss: 0.4624, Train Acc: 83.13%
Batch 1675/2797, Loss: 0.4622, Train Acc: 83.13%
Batch 1680/2797, Loss: 0.4622, Train Acc: 83.13%
Batch 1685/2797, Loss: 0.4620, Train Acc: 83.13%
Batch 1690/2797, Loss: 0.4618, Train Acc: 83.14%
Batch 1695/2797, Loss: 0.4616, Train Acc: 83.15%
Batch 1700/2797, Loss: 0.4613, Train Acc: 83.16%
Batch 1705/2797, Loss: 0.4610, Train Acc: 83.17%
Batch 1710/2797, Loss: 0.4608, Train Acc: 83.18%
Batch 1715/2797, Loss: 0.4606, Train Acc: 83.18%
Batch 1720/2797, Loss: 0.4604, Train Acc: 83.19%
Batch 1725/2797, Loss: 0.4602, Train Acc: 83.19%
Batch 1730/2797, Loss: 0.4599, Train Acc: 83.20%
Batch 1735/2797, Loss: 0.4597, Train Acc: 83.21%
Batch 1740/2797, Loss: 0.4595, Train Acc: 83.21%
Batch 1745/2797, Loss: 0.4591, Train Acc: 83.23%
Batch 1750/2797, Loss: 0.4589, Train Acc: 83.23%
Batch 1755/2797, Loss: 0.4587, Train Acc: 83.24%
Batch 1760/2797, Loss: 0.4586, Train Acc: 83.24%
Batch 1765/2797, Loss: 0.4584, Train Acc: 83.25%
